--------- beginning of main
06-04 01:57:08.502 E/HeatmapThread( 1908): ECT Thread time in milliseconds: 1780531028
06-04 01:57:08.505 E/HeatmapThread( 1908): !@ CAM New BSOH: 98
06-04 01:57:09.447 E/NativeCustomFrequencyManager( 1914): [NativeCFMS] BpCustomFrequencyManager::acquire()
06-04 01:57:09.502 E/HeatmapThread( 1908): ECT Thread time in milliseconds: 1780531029
06-04 01:57:09.504 E/HeatmapThread( 1908): !@ CAM New BSOH: 98
06-04 01:57:09.939 E/WifiStaIfaceAidlImpl( 2360): getCachedScanData failed with service-specific exception: android.os.ServiceSpecificException:  (code 4)
06-04 01:57:10.502 E/HeatmapThread( 1908): ECT Thread time in milliseconds: 1780531030
06-04 01:57:10.506 E/HeatmapThread( 1908): !@ CAM New BSOH: 98
06-04 01:57:10.962 E/NativeCustomFrequencyManager( 1914): [NativeCFMS] BpCustomFrequencyManager::acquire()
06-04 01:57:11.502 E/HeatmapThread( 1908): ECT Thread time in milliseconds: 1780531031
06-04 01:57:11.504 E/HeatmapThread( 1908): !@ CAM New BSOH: 98
06-04 01:57:12.477 E/NativeCustomFrequencyManager( 1914): [NativeCFMS] BpCustomFrequencyManager::acquire()
06-04 01:57:12.502 E/HeatmapThread( 1908): ECT Thread time in milliseconds: 1780531032
06-04 01:57:12.504 E/HeatmapThread( 1908): !@ CAM New BSOH: 98
06-04 01:57:12.952 E/WifiStaIfaceAidlImpl( 2360): getCachedScanData failed with service-specific exception: android.os.ServiceSpecificException:  (code 4)
06-04 01:57:13.502 E/HeatmapThread( 1908): ECT Thread time in milliseconds: 1780531033
06-04 01:57:13.505 E/HeatmapThread( 1908): !@ CAM New BSOH: 98
06-04 01:57:13.991 E/NativeCustomFrequencyManager( 1914): [NativeCFMS] BpCustomFrequencyManager::acquire()
06-04 01:57:14.483 E/ConversionHelperAidl( 1853): Function: parseAndSetVendorParameters Line: 94 Failed 
06-04 01:57:14.484 E/ConversionHelperAidl( 1853): Function: parseAndSetVendorParameters Line: 94 Failed 
06-04 01:57:14.485 E/ConversionHelperAidl( 1853): Function: parseAndSetVendorParameters Line: 94 Failed 
06-04 01:57:14.485 E/ConversionHelperAidl( 1853): Function: parseAndSetVendorParameters Line: 94 Failed 
06-04 01:57:14.502 E/HeatmapThread( 1908): ECT Thread time in milliseconds: 1780531034
06-04 01:57:14.505 E/HeatmapThread( 1908): !@ CAM New BSOH: 98
06-04 01:57:14.511 E/BatteryDump( 1829): !@new_battery_dump : 4069,892,1100,3370,64,333,317,367,333,0,344,367,0,Charging,NO_CHARGING,Normal,Good,PDIC,0,Normal,0,0,9300,0x8000,0x10010000,0x0,0,0,216,v0002,0000,0000,00000000,0,0,0,0,169,4043,6428,990,0,
06-04 01:57:15.502 E/HeatmapThread( 1908): ECT Thread time in milliseconds: 1780531035
06-04 01:57:15.506 E/NativeCustomFrequencyManager( 1914): [NativeCFMS] BpCustomFrequencyManager::acquire()
06-04 01:57:15.506 E/HeatmapThread( 1908): !@ CAM New BSOH: 98
06-04 01:57:15.966 E/WifiStaIfaceAidlImpl( 2360): getCachedScanData failed with service-specific exception: android.os.ServiceSpecificException:  (code 4)
--------- beginning of system
06-04 01:57:16.276 E/WindowManager( 2360): win=Window{bc8476c u0 NotificationShade} destroySurfaces: appStopped=true cleanupOnResume=false win.mWindowRemovalAllowed=false win.mRemoveOnExit=false win.mViewVisibility=4 caller=com.android.server.wm.WindowManagerService.tryStartExitingAnimation:134 com.android.server.wm.WindowManagerService.relayoutWindow:1160 com.android.server.wm.Session.relayout:27 android.view.IWindowSession$Stub.onTransact:829 com.android.server.wm.Session.onTransact:1 android.os.Binder.execTransactInternal:1462 android.os.Binder.execTransact:1401 
06-04 01:57:16.502 E/HeatmapThread( 1908): ECT Thread time in milliseconds: 1780531036
06-04 01:57:16.504 E/HeatmapThread( 1908): !@ CAM New BSOH: 98
06-04 01:57:17.002 E/SurfaceFlinger( 1914): alpha changed 1.000 -> 0.000 - Surface(name=TransientLaunchOverlayToken{e773e37 token=android.os.BinderProxy@f5eaf36})/@0x9ac0b35_transition-leash#3527
06-04 01:57:17.002 E/SurfaceFlinger( 1914): alpha changed 1.000 -> 0.000 - Surface(name=Task=1)/@0x9a91bca_transition-leash#3528
06-04 01:57:17.014 E/AppIconSolution( 4621): Couldn't get theme package resources, package is null
06-04 01:57:17.019 E/SurfaceFlinger( 1914): alpha changed 0.000 -> 1.000 - Surface(name=TransientLaunchOverlayToken{e773e37 token=android.os.BinderProxy@f5eaf36})/@0x9ac0b35_transition-leash#3527
06-04 01:57:17.019 E/SurfaceFlinger( 1914): alpha changed 0.000 -> 1.000 - Surface(name=Task=1)/@0x9a91bca_transition-leash#3528
06-04 01:57:17.023 E/NativeCustomFrequencyManager( 1914): [NativeCFMS] BpCustomFrequencyManager::acquire()
06-04 01:57:17.097 E/SecVibrator-HAL-AIDL-EXT( 1834): V_5_0: performPrebakedHapticPattern 23 : 4000 : 0
06-04 01:57:17.098 E/SecVibrator-HAL-AIDL-CORE( 1834): HW_API: [setForceFeedbackAmplitude]amplitude: 4000
06-04 01:57:17.111 E/SecVibrator-HAL-AIDL-CORE( 1834): HW_API: [uploadForceFeedbackeffect]ioctl success ,uploaded effect with ID: 0
06-04 01:57:17.112 E/SecVibrator-HAL-AIDL-CORE( 1834): HW_API: do_on for timeoutMs: 1000
06-04 01:57:17.112 E/SecVibrator-HAL-AIDL-CORE( 1834): HW_API: [triggerForceFeedbackVibration]on: 1
06-04 01:57:17.113 E/SurfaceFlinger( 1914): Caller needs permission android.permission.WAKEUP_SURFACE_FLINGER to use eEarlyWakeup[Start|End] flags
06-04 01:57:17.217 E/SecVibrator-HAL-AIDL-CORE( 1834): V_2_0: Vibrator off
06-04 01:57:17.217 E/SecVibrator-HAL-AIDL-CORE( 1834): HW_API: do_off
06-04 01:57:17.217 E/SecVibrator-HAL-AIDL-CORE( 1834): HW_API: [triggerForceFeedbackVibration]on: 0
06-04 01:57:17.234 E/SurfaceFlinger( 1914): Caller needs permission android.permission.WAKEUP_SURFACE_FLINGER to use eEarlyWakeup[Start|End] flags
06-04 01:57:17.246 E/ThemeUtils( 4621): View class com.honeyspace.ui.common.iconview.IconViewImpl is an AppCompat widget that can only be used with a Theme.AppCompat theme (or descendant).
06-04 01:57:17.250 E/HoneySpace.BadgeIconDecoratorCreator( 4621): NameNotFoundException /#UserHandle{0}
06-04 01:57:17.250 E/ThemeUtils( 4621): View class com.honeyspace.ui.common.iconview.IconViewImpl is an AppCompat widget that can only be used with a Theme.AppCompat theme (or descendant).
06-04 01:57:17.250 E/HoneySpace.BadgeIconDecoratorCreator( 4621): NameNotFoundException /#UserHandle{0}
06-04 01:57:17.251 E/ThemeUtils( 4621): View class com.honeyspace.ui.common.iconview.IconViewImpl is an AppCompat widget that can only be used with a Theme.AppCompat theme (or descendant).
06-04 01:57:17.251 E/HoneySpace.BadgeIconDecoratorCreator( 4621): NameNotFoundException /#UserHandle{0}
06-04 01:57:17.251 E/ThemeUtils( 4621): View class com.honeyspace.ui.common.iconview.IconViewImpl is an AppCompat widget that can only be used with a Theme.AppCompat theme (or descendant).
06-04 01:57:17.251 E/HoneySpace.BadgeIconDecoratorCreator( 4621): NameNotFoundException /#UserHandle{0}
06-04 01:57:17.502 E/HeatmapThread( 1908): ECT Thread time in milliseconds: 1780531037
06-04 01:57:17.504 E/HeatmapThread( 1908): !@ CAM New BSOH: 98
06-04 01:57:17.767 E/pageboostd( 5347): Received HALT command code 2
06-04 01:57:17.773 E/HoneySpace.StackRecentsView( 4621): setChildCornerInfo, invalid position = -1
06-04 01:57:17.773 E/HoneySpace.StackRecentsView( 4621): setChildCornerInfo, invalid position = -1
06-04 01:57:17.773 E/HoneySpace.StackRecentsView( 4621): setChildCornerInfo, invalid position = -1
06-04 01:57:17.773 E/HoneySpace.StackRecentsView( 4621): setChildCornerInfo, invalid position = -1
06-04 01:57:17.801 E/SurfaceFlinger( 1914): alpha changed 1.000 -> 0.000 - Surface(name=Task=10920)/@0x25b5dcc_transition-leash#3536
06-04 01:57:17.914 E/TransitionChain( 2360): Can't collect into a chain with no transition
06-04 01:57:17.935 E/SurfaceFlinger( 1914): alpha changed 0.000 -> 1.000 - Surface(name=Task=10920)/@0x25b5dcc_transition-leash#3536
06-04 01:57:17.945 E/WindowManager( 2360): win=Window{3ddbed3 u0 com.android.settings/com.android.settings.SubSettings} destroySurfaces: appStopped=true cleanupOnResume=false win.mWindowRemovalAllowed=false win.mRemoveOnExit=false win.mViewVisibility=8 caller=com.android.server.wm.ActivityRecord.destroySurfaces:25 com.android.server.wm.ActivityRecord.activityStopped:192 com.android.server.wm.ActivityClientController.activityStopped:97 android.app.IActivityClientController$Stub.onTransact:740 com.android.server.wm.ActivityClientController.onTransact:1 android.os.Binder.execTransactInternal:1462 android.os.Binder.execTransact:1401 
06-04 01:57:17.963 E/WindowManager( 2360): win=Window{4ea70e7 u0 com.sec.android.app.launcher/com.sec.android.app.launcher.activities.LauncherActivity} destroySurfaces: appStopped=true cleanupOnResume=false win.mWindowRemovalAllowed=false win.mRemoveOnExit=false win.mViewVisibility=4 caller=com.android.server.wm.ActivityRecord.destroySurfaces:25 com.android.server.wm.ActivityRecord.activityStopped:192 com.android.server.wm.ActivityClientController.activityStopped:97 android.app.IActivityClientController$Stub.onTransact:740 com.android.server.wm.ActivityClientController.onTransact:1 android.os.Binder.execTransactInternal:1462 android.os.Binder.execTransact:1401 
06-04 01:57:17.968 E/SurfaceFlinger( 1914): alpha changed 1.000 -> 0.000 - Surface(name=478bcfa InputMethod)/@0xeb2ec23 - animation-leash of insets_animation#3537
06-04 01:57:18.502 E/HeatmapThread( 1908): ECT Thread time in milliseconds: 1780531038
06-04 01:57:18.504 E/HeatmapThread( 1908): !@ CAM New BSOH: 98
06-04 01:57:18.536 E/NativeCustomFrequencyManager( 1914): [NativeCFMS] BpCustomFrequencyManager::acquire()
06-04 01:57:18.979 E/WifiStaIfaceAidlImpl( 2360): getCachedScanData failed with service-specific exception: android.os.ServiceSpecificException:  (code 4)
06-04 01:57:19.503 E/HeatmapThread( 1908): ECT Thread time in milliseconds: 1780531039
06-04 01:57:19.505 E/HeatmapThread( 1908): !@ CAM New BSOH: 98
06-04 01:57:19.960 E/PERFHAL-RESOURCEQS( 1821): PERFHAL-RESOURCEQS: AddAndApply() 159: Failed to apply optimization [10, 9]
06-04 01:57:20.050 E/NativeCustomFrequencyManager( 1914): [NativeCFMS] BpCustomFrequencyManager::acquire()
06-04 01:57:20.278 E/SecVibrator-HAL-AIDL-EXT( 1834): V_5_0: performPrebakedHapticPattern 41 : 4000 : 0
06-04 01:57:20.278 E/SecVibrator-HAL-AIDL-CORE( 1834): HW_API: [setForceFeedbackAmplitude]amplitude: 4000
06-04 01:57:20.293 E/SecVibrator-HAL-AIDL-CORE( 1834): HW_API: [uploadForceFeedbackeffect]ioctl success ,uploaded effect with ID: 0
06-04 01:57:20.293 E/SecVibrator-HAL-AIDL-CORE( 1834): HW_API: do_on for timeoutMs: 1000
06-04 01:57:20.293 E/SecVibrator-HAL-AIDL-CORE( 1834): HW_API: [triggerForceFeedbackVibration]on: 1
06-04 01:57:20.387 E/SecVibrator-HAL-AIDL-CORE( 1834): V_2_0: Vibrator off
06-04 01:57:20.387 E/SecVibrator-HAL-AIDL-CORE( 1834): HW_API: do_off
06-04 01:57:20.387 E/SecVibrator-HAL-AIDL-CORE( 1834): HW_API: [triggerForceFeedbackVibration]on: 0
06-04 01:57:20.434 E/TaskPersister( 2360): File error accessing recents directory (directory doesn't exist?).
06-04 01:57:20.434 E/TaskPersister( 2360): File error accessing recents directory (directory doesn't exist?).
06-04 01:57:20.434 E/TaskPersister( 2360): File error accessing recents directory (directory doesn't exist?).
06-04 01:57:20.476 E/HYPER-HAL( 1799): [HandlerUClamp.cpp]set_uclamp_min(): sched_setattr failed for thread 24144, err = -1
06-04 01:57:20.476 E/HYPER-HAL( 1799): [HandlerUClamp.cpp]set_uclamp_min(): sched_setattr failed for thread 24145, err = -1
06-04 01:57:20.476 E/HYPER-HAL( 1799): [HandlerUClamp.cpp]set_uclamp_min(): sched_setattr failed for thread 24081, err = -1
06-04 01:57:20.476 E/HYPER-HAL( 1799): [HandlerUClamp.cpp]set_uclamp_min(): sched_setattr failed for thread 24140, err = -1
06-04 01:57:20.476 E/HYPER-HAL( 1799): [HandlerUClamp.cpp]set_uclamp_min(): sched_setattr failed for thread 24144, err = -1
06-04 01:57:20.476 E/HYPER-HAL( 1799): [HandlerUClamp.cpp]set_uclamp_min(): sched_setattr failed for thread 24145, err = -1
06-04 01:57:20.476 E/HYPER-HAL( 1799): [HandlerUClamp.cpp]set_uclamp_min(): sched_setattr failed for thread 24081, err = -1
06-04 01:57:20.476 E/HYPER-HAL( 1799): [HandlerUClamp.cpp]set_uclamp_min(): sched_setattr failed for thread 24140, err = -1
06-04 01:57:20.502 E/HeatmapThread( 1908): ECT Thread time in milliseconds: 1780531040
06-04 01:57:20.504 E/HeatmapThread( 1908): !@ CAM New BSOH: 98
06-04 01:57:20.944 E/pageboostd( 5347): alp start : app comsecandroidapppopupcalculator
06-04 01:57:20.953 E/pageboostd( 5347): comsecandroidapppopupcalculator, amt 1886788 scnt 4 fcnt 0
06-04 01:57:20.955 E/pageboostd( 5347): comsecandroidapppopupcalculator, amt 929792 scnt 2 fcnt 5
06-04 01:57:20.955 E/pageboostd( 5347): alp end : app comsecandroidapppopupcalculator data_amount 2816580
06-04 01:57:21.020 E/ashmem  (28719): Pinning is deprecated since Android Q. Please use trim or other methods.
06-04 01:57:21.020 E/ashmem  (28719): Pinning is deprecated since Android Q. Please use trim or other methods.
06-04 01:57:21.045 E/pageboostd( 5347): Received HALT command code 2
06-04 01:57:21.107 E/pageboostd( 5347): Received HALT command code 2
06-04 01:57:21.121 E/SAMSUNGWALLET(16278): [Hint_PayHintService] getWindowLayoutParamType, error: TYPE_SAMSUNG_PAY_HANDLE
06-04 01:57:21.147 E/SurfaceFlinger( 1914): alpha changed 1.000 -> 0.000 - Surface(name=Task=1)/@0x65127a2_transition-leash#3543
06-04 01:57:21.147 E/SurfaceFlinger( 1914): alpha changed 0.000 -> 0.000 - Surface(name=Task=1)/@0x65127a2_transition-leash#3543
06-04 01:57:21.147 E/SurfaceFlinger( 1914): alpha changed 0.000 -> 0.000 - Surface(name=Task=1)/@0x65127a2_transition-leash#3543
06-04 01:57:21.180 E/SurfaceFlinger( 1914): alpha changed 0.000 -> 0.011 - Surface(name=Task=1)/@0x65127a2_transition-leash#3543
06-04 01:57:21.213 E/SurfaceFlinger( 1914): alpha changed 1.000 -> 0.000 - Surface(name=478bcfa InputMethod)/@0xeb2ec23 - animation-leash of insets_animation#3546
06-04 01:57:21.413 E/SurfaceFlinger( 1914): alpha changed 0.011 -> 0.000 - Surface(name=Task=10920)/@0xe3e1bee_transition-leash#3544
06-04 01:57:21.439 E/WindowManager( 2360): win=Window{744513c u0 com.sec.android.app.launcher/com.android.quickstep.RecentsActivity} destroySurfaces: appStopped=true cleanupOnResume=false win.mWindowRemovalAllowed=false win.mRemoveOnExit=false win.mViewVisibility=8 caller=com.android.server.wm.ActivityRecord.destroySurfaces:25 com.android.server.wm.ActivityRecord.activityStopped:192 com.android.server.wm.ActivityClientController.activityStopped:97 android.app.IActivityClientController$Stub.onTransact:740 com.android.server.wm.ActivityClientController.onTransact:1 android.os.Binder.execTransactInternal:1462 android.os.Binder.execTransact:1401 
06-04 01:57:21.502 E/HeatmapThread( 1908): ECT Thread time in milliseconds: 1780531041
06-04 01:57:21.503 E/HeatmapThread( 1908): !@ CAM New BSOH: 98
06-04 01:57:21.993 E/WifiStaIfaceAidlImpl( 2360): getCachedScanData failed with service-specific exception: android.os.ServiceSpecificException:  (code 4)
06-04 01:57:22.503 E/HeatmapThread( 1908): ECT Thread time in milliseconds: 1780531042
06-04 01:57:22.508 E/HeatmapThread( 1908): !@ CAM New BSOH: 98
06-04 01:57:22.666 E/SAMSUNGWALLET(16278): [Hint_PayHintService] getWindowLayoutParamType, error: TYPE_SAMSUNG_PAY_HANDLE
06-04 01:57:22.673 E/WindowManager( 2360): win=Window{6dff5b1 u0 com.samsung.android.spay.pay.HintService} destroySurfaces: appStopped=true cleanupOnResume=false win.mWindowRemovalAllowed=false win.mRemoveOnExit=false win.mViewVisibility=8 caller=com.android.server.wm.WindowManagerService.tryStartExitingAnimation:134 com.android.server.wm.WindowManagerService.relayoutWindow:1160 com.android.server.wm.Session.relayout:27 android.view.IWindowSession$Stub.onTransact:829 com.android.server.wm.Session.onTransact:1 android.os.Binder.execTransactInternal:1457 android.os.Binder.execTransact:1401 
06-04 01:57:22.679 E/NativeCustomFrequencyManager( 1914): [NativeCFMS] BpCustomFrequencyManager::acquire()
06-04 01:57:22.943 E/Watchdog( 2360): !@Sync: 352 heap(MB): 154 / 190 FD: 1512 [2026-06-04 01:57:22.942]
06-04 01:57:23.478 E/TaskPersister( 2360): File error accessing recents directory (directory doesn't exist?).
06-04 01:57:23.478 E/TaskPersister( 2360): File error accessing recents directory (directory doesn't exist?).
06-04 01:57:23.478 E/TaskPersister( 2360): File error accessing recents directory (directory doesn't exist?).
06-04 01:57:23.502 E/HeatmapThread( 1908): ECT Thread time in milliseconds: 1780531043
06-04 01:57:23.505 E/HeatmapThread( 1908): !@ CAM New BSOH: 98
06-04 01:57:24.084 E/pageboostd( 5347): alp start : app comezadriveelearn
06-04 01:57:24.108 E/pageboostd( 5347): comezadriveelearn, amt 15622144 scnt 2 fcnt 0
06-04 01:57:24.118 E/pageboostd( 5347): comezadriveelearn, amt 9404416 scnt 6 fcnt 33
06-04 01:57:24.118 E/pageboostd( 5347): alp end : app comezadriveelearn data_amount 25026560
06-04 01:57:24.141 E/pageboostd( 5347): Received HALT command code 2
06-04 01:57:24.176 E/SurfaceFlinger( 1914): alpha changed 1.000 -> 0.000 - Surface(name=Task=10959)/@0x13c682d_transition-leash#3554
06-04 01:57:24.195 E/NativeCustomFrequencyManager( 1914): [NativeCFMS] BpCustomFrequencyManager::acquire()
06-04 01:57:24.226 E/SurfaceFlinger( 1914): alpha changed 0.000 -> 0.783 - Surface(name=Task=10959)/@0x13c682d_transition-leash#3554
06-04 01:57:24.245 E/ashmem  (28763): Pinning is deprecated since Android Q. Please use trim or other methods.
06-04 01:57:24.256 E/Adreno-AppProfiles(28763): QSPM AIDL service doesn't exist
06-04 01:57:24.284 E/ezadrive.elearn(28763): Unable to open libpenguin.so: dlopen failed: library "libpenguin.so" not found.
06-04 01:57:24.393 E/AVManager(28763): Cannot install JSI bindings for AV module because JS context is not available
06-04 01:57:24.413 I/ReactNativeJS(28763): Running "main"
06-04 01:57:24.502 E/HeatmapThread( 1908): ECT Thread time in milliseconds: 1780531044
06-04 01:57:24.504 E/HeatmapThread( 1908): !@ CAM New BSOH: 98
06-04 01:57:24.510 E/ConversionHelperAidl( 1853): Function: parseAndSetVendorParameters Line: 94 Failed 
06-04 01:57:24.510 E/ConversionHelperAidl( 1853): Function: parseAndSetVendorParameters Line: 94 Failed 
06-04 01:57:24.511 E/ConversionHelperAidl( 1853): Function: parseAndSetVendorParameters Line: 94 Failed 
06-04 01:57:24.511 E/ConversionHelperAidl( 1853): Function: parseAndSetVendorParameters Line: 94 Failed 
06-04 01:57:24.523 E/pageboostd( 5347): Received HALT command code 2
06-04 01:57:24.593 E/SurfaceFlinger( 1914): alpha changed 1.000 -> 0.000 - Surface(name=478bcfa InputMethod)/@0xeb2ec23 - animation-leash of insets_animation#3563
06-04 01:57:24.655 E/BatteryDump( 1829): !@new_battery_dump : 4030,-146,1100,3370,64,332,317,371,332,0,341,371,0,Charging,NO_CHARGING,Normal,Good,PDIC,0,Normal,0,0,9300,0x8000,0x10010000,0x0,0,0,319,v0002,0000,0000,00000000,0,0,0,0,169,4043,6432,990,0,
06-04 01:57:24.822 W/ReactNativeJS(28763): [expo-av]: Expo AV has been deprecated and will be removed in SDK 54. Use the `expo-audio` and `expo-video` packages to replace the required functionality.
06-04 01:57:24.884 E/WindowManager( 2360): win=Window{4ea70e7 u0 com.sec.android.app.launcher/com.sec.android.app.launcher.activities.LauncherActivity} destroySurfaces: appStopped=true cleanupOnResume=false win.mWindowRemovalAllowed=false win.mRemoveOnExit=false win.mViewVisibility=8 caller=com.android.server.wm.ActivityRecord.destroySurfaces:25 com.android.server.wm.ActivityRecord.activityStopped:192 com.android.server.wm.ActivityClientController.activityStopped:97 android.app.IActivityClientController$Stub.onTransact:740 com.android.server.wm.ActivityClientController.onTransact:1 android.os.Binder.execTransactInternal:1462 android.os.Binder.execTransact:1401 
06-04 01:57:24.999 E/WifiStaIfaceAidlImpl( 2360): getCachedScanData failed with service-specific exception: android.os.ServiceSpecificException:  (code 4)
06-04 01:57:25.502 E/HeatmapThread( 1908): ECT Thread time in milliseconds: 1780531045
06-04 01:57:25.503 E/HeatmapThread( 1908): !@ CAM New BSOH: 98
06-04 01:57:26.035 E/SecVibrator-HAL-AIDL-EXT( 1834): V_5_0: performPrebakedHapticPattern 0 : 4000 : 0
06-04 01:57:26.035 E/SecVibrator-HAL-AIDL-CORE( 1834): HW_API: [setForceFeedbackAmplitude]amplitude: 4000
06-04 01:57:26.040 E/SecVibrator-HAL-AIDL-CORE( 1834): HW_API: [uploadForceFeedbackeffect]ioctl success ,uploaded effect with ID: 0
06-04 01:57:26.041 E/SecVibrator-HAL-AIDL-CORE( 1834): V_2_0: Vibrator set amplitude: 0.117647
06-04 01:57:26.041 E/SecVibrator-HAL-AIDL-CORE( 1834): HW_API: [isAmplitudeControlExist]return true
06-04 01:57:26.041 E/SecVibrator-HAL-AIDL-CORE( 1834): HW_API: [setForceFeedbackAmplitude]amplitude: 1176
06-04 01:57:26.042 E/SecVibrator-HAL-AIDL-CORE( 1834): V_2_0: Vibrator on for timeoutMs: 50
06-04 01:57:26.042 E/SecVibrator-HAL-AIDL-CORE( 1834): HW_API: do_on for timeoutMs: 50
06-04 01:57:26.043 E/SecVibrator-HAL-AIDL-CORE( 1834): HW_API: [uploadForceFeedbackeffect]ioctl success ,uploaded effect with ID: 0
06-04 01:57:26.043 E/SecVibrator-HAL-AIDL-CORE( 1834): HW_API: [triggerForceFeedbackVibration]on: 1
06-04 01:57:26.096 E/SecVibrator-HAL-AIDL-CORE( 1834): V_2_0: Vibrator off
06-04 01:57:26.097 E/SecVibrator-HAL-AIDL-CORE( 1834): HW_API: do_off
06-04 01:57:26.097 E/SecVibrator-HAL-AIDL-CORE( 1834): HW_API: [triggerForceFeedbackVibration]on: 0
06-04 01:57:26.129 E/ReactNativeJS(28763): { [TypeError: undefined is not a function]
06-04 01:57:26.129 E/ReactNativeJS(28763):   componentStack: '\n    at SecondaryProgramCard (address at /data/user/0/com.ezadrive.elearn/files/.expo-internal/c2e4d3992f7b41816bc917dd0bcebd40:1:4290427)\n    at RCTView (<anonymous>)\n    at View (address at /data/user/0/com.ezadrive.elearn/files/.expo-internal/c2e4d3992f7b41816bc917dd0bcebd40:1:537515)\n    at VirtualizedListCellContextProvider (address at /data/user/0/com.ezadrive.elearn/files/.expo-internal/c2e4d3992f7b41816bc917dd0bcebd40:1:739786)\n    at CellRenderer (address at /data/user/0/com.ezadrive.elearn/files/.expo-internal/c2e4d3992f7b41816bc917dd0bcebd40:1:738013)\n    at RCTView (<anonymous>)\n    at View (address at /data/user/0/com.ezadrive.elearn/files/.expo-internal/c2e4d3992f7b41816bc917dd0bcebd40:1:537515)\n    at RCTScrollView (<anonymous>)\n    at AndroidSwipeRefreshLayout (<anonymous>)\n    at RefreshControl (address at /data/user/0/com.ezadrive.elearn/files/.expo-internal/c2e4d3992f7b41816bc917dd0bcebd40:1:749178)\n    at ScrollView (address at /data/user/0/com.ezadrive.elearn/files/.expo-internal/c2e4d3992f7b41816bc917dd0bcebd40:1:752773)\n    at ScrollView (address at /data/user/0/com.ezadrive.elearn/files/.expo-internal/c2e4d3992f7b41816bc917dd0bcebd40:1:759686)\n    at VirtualizedListContextProvider (address at /data/user/0/com.ezadrive.elearn/files/.expo-internal/c2e4d3992f7b41816bc917dd0bcebd40:1:739578)\n    at VirtualizedList (address at /data/user/0/com.ezadrive.elearn/files/.expo-internal/c2e4d3992f7b41816bc917dd0bcebd40:1:712998)\n    at FlatList (address at /data/user/0/com.ezadrive.elearn/files/.expo-internal/c2e4d3992f7b41816bc917dd0bcebd40:1:705996)\n    at RCTView (<anonymous>)\n    at View (address at /data/user/0/com.ezadrive.elearn/files/.expo-internal/c2e4d3992f7b41816bc917dd0bcebd40:1:537515)\n    at SecondaryPrograms (address at /data/user/0/com.ezadrive.elearn/files/.expo-internal/c2e4d3992f7b41816bc917dd0bcebd40:1:4280815)\n    at Suspense (<anonymous>)\n    at Route (address at /data/user/0/com.ezadrive.elearn/files/.expo-internal/c2e4d3992f7b41816bc917dd0bcebd40:1:975357)\n    at BaseRoute (address at /data/user/0/com.ezadrive.elearn/files/.expo-internal/c2e4d3992f7b41816bc917dd0bcebd40:1:982271)\n    at StaticContainer (address at /data/user/0/com.ezadrive.elearn/files/.expo-internal/c2e4d3992f7b41816bc917dd0bcebd40:1:946638)\n    at EnsureSingleNavigator (address at /data/user/0/com.ezadrive.elearn/files/.expo-internal/c2e4d3992f7b41816bc917dd0bcebd40:1:893705)\n    at SceneView (address at /data/user/0/com.ezadrive.elearn/files/.expo-internal/c2e4d3992f7b41816bc917dd0bcebd40:1:944502)\n    at RNSScreenContentWrapper (<anonymous>)\n    at ScreenContentWrapper (<anonymous>)\n    at DebugContainer (<anonymous>)\n    at RNSScreen (<anonymous>)\n    at Animated(Anonymous) (address at /data/user/0/com.ezadrive.elearn/files/.expo-internal/c2e4d3992f7b41816bc917dd0bcebd40:1:689270)\n    at Suspender (address at /data/user/0/com.ezadrive.elearn/files/.expo-internal/c2e4d3992f7b41816bc917dd0bcebd40:1:1057203)\n    at Suspense (<anonymous>)\n    at Freeze (address at /data/user/0/com.ezadrive.elearn/files/.expo-internal/c2e4d3992f7b41816bc917dd0bcebd40:1:1057264)\n    at DelayedFreeze (address at /data/user/0/com.ezadrive.elearn/files/.expo-internal/c2e4d3992f7b41816bc917dd0bcebd40:1:1056845)\n    at InnerScreen (address at /data/user/0/com.ezadrive.elearn/files/.expo-internal/c2e4d3992f7b41816bc917dd0bcebd40:1:1054549)\n    at anonymous (address at /data/user/0/com.ezadrive.elearn/files/.expo-internal/c2e4d3992f7b41816bc917dd0bcebd40:1:1056243)\n    at ScreenStackItem (address at /data/user/0/com.ezadrive.elearn/files/.expo-internal/c2e4d3992f7b41816bc917dd0bcebd40:1:1066462)\n    at SceneView (address at /data/user/0/com.ezadrive.elearn/files/.expo-internal/c2e4d3992f7b41816bc917dd0bcebd40:1:1089817)\n    at RNSScreenStack (<anonymous>)\n    at anonymous (address at /data/user/0/com.ezadrive.elearn/files/.expo-internal/c2e4d3992f7b41816bc917dd0bcebd40:1:1065538)\n    at ScreenStack (address at 
06-04 01:57:26.129 E/ReactNativeJS(28763):   isComponentError: true }
06-04 01:57:26.131 E/unknown:ReactNative(28763): TypeError: undefined is not a function
06-04 01:57:26.131 E/unknown:ReactNative(28763): 
06-04 01:57:26.131 E/unknown:ReactNative(28763): This error is located at:
06-04 01:57:26.131 E/unknown:ReactNative(28763):     at SecondaryProgramCard (address at /data/user/0/com.ezadrive.elearn/files/.expo-internal/c2e4d3992f7b41816bc917dd0bcebd40:1:4290427)
06-04 01:57:26.131 E/unknown:ReactNative(28763):     at RCTView (<anonymous>)
06-04 01:57:26.131 E/unknown:ReactNative(28763):     at View (address at /data/user/0/com.ezadrive.elearn/files/.expo-internal/c2e4d3992f7b41816bc917dd0bcebd40:1:537515)
06-04 01:57:26.131 E/unknown:ReactNative(28763):     at VirtualizedListCellContextProvider (address at /data/user/0/com.ezadrive.elearn/files/.expo-internal/c2e4d3992f7b41816bc917dd0bcebd40:1:739786)
06-04 01:57:26.131 E/unknown:ReactNative(28763):     at CellRenderer (address at /data/user/0/com.ezadrive.elearn/files/.expo-internal/c2e4d3992f7b41816bc917dd0bcebd40:1:738013)
06-04 01:57:26.131 E/unknown:ReactNative(28763):     at RCTView (<anonymous>)
06-04 01:57:26.131 E/unknown:ReactNative(28763):     at View (address at /data/user/0/com.ezadrive.elearn/files/.expo-internal/c2e4d3992f7b41816bc917dd0bcebd40:1:537515)
06-04 01:57:26.131 E/unknown:ReactNative(28763):     at RCTScrollView (<anonymous>)
06-04 01:57:26.131 E/unknown:ReactNative(28763):     at AndroidSwipeRefreshLayout (<anonymous>)
06-04 01:57:26.131 E/unknown:ReactNative(28763):     at RefreshControl (address at /data/user/0/com.ezadrive.elearn/files/.expo-internal/c2e4d3992f7b41816bc917dd0bcebd40:1:749178)
06-04 01:57:26.131 E/unknown:ReactNative(28763):     at ScrollView (address at /data/user/0/com.ezadrive.elearn/files/.expo-internal/c2e4d3992f7b41816bc917dd0bcebd40:1:752773)
06-04 01:57:26.131 E/unknown:ReactNative(28763):     at ScrollView (address at /data/user/0/com.ezadrive.elearn/files/.expo-internal/c2e4d3992f7b41816bc917dd0bcebd40:1:759686)
06-04 01:57:26.131 E/unknown:ReactNative(28763):     at VirtualizedListContextProvider (address at /data/user/0/com.ezadrive.elearn/files/.expo-internal/c2e4d3992f7b41816bc917dd0bcebd40:1:739578)
06-04 01:57:26.131 E/unknown:ReactNative(28763):     at VirtualizedList (address at /data/user/0/com.ezadrive.elearn/files/.expo-internal/c2e4d3992f7b41816bc917dd0bcebd40:1:712998)
06-04 01:57:26.131 E/unknown:ReactNative(28763):     at FlatList (address at /data/user/0/com.ezadrive.elearn/files/.expo-internal/c2e4d3992f7b41816bc917dd0bcebd40:1:705996)
06-04 01:57:26.131 E/unknown:ReactNative(28763):     at RCTView (<anonymous>)
06-04 01:57:26.131 E/unknown:ReactNative(28763):     at View (address at /data/user/0/com.ezadrive.elearn/files/.expo-internal/c2e4d3992f7b41816bc917dd0bcebd40:1:537515)
06-04 01:57:26.131 E/unknown:ReactNative(28763):     at SecondaryPrograms (address at /data/user/0/com.ezadrive.elearn/files/.expo-internal/c2e4d3992f7b41816bc917dd0bcebd40:1:4280815)
06-04 01:57:26.131 E/unknown:ReactNative(28763):     at Suspense (<anonymous>)
06-04 01:57:26.131 E/unknown:ReactNative(28763):     at Route (address at /data/user/0/com.ezadrive.elearn/files/.expo-internal/c2e4d3992f7b41816bc917dd0bcebd40:1:975357)
06-04 01:57:26.131 E/unknown:ReactNative(28763):     at BaseRoute (address at /data/user/0/com.ezadrive.elearn/files/.expo-internal/c2e4d3992f7b41816bc917dd0bcebd40:1:982271)
06-04 01:57:26.131 E/unknown:ReactNative(28763):     at StaticContainer (address at /data/user/0/com.ezadrive.elearn/files/.expo-internal/c2e4d3992f7b41816bc917dd0bcebd40:1:946638)
06-04 01:57:26.131 E/unknown:ReactNative(28763):     at EnsureSingleNavigator (address at /data/user/0/com.ezadrive.elearn/files/.expo-internal/c2e4d3992f7b41816bc917dd0bcebd40:1:893705)
06-04 01:57:26.131 E/unknown:ReactNative(28763):     at SceneView (address at /data/user/0/com.ezadrive.elearn/files/.expo-internal/c2e4d3992f7b41816bc917dd0bcebd40:1:944502)
06-04 01:57:26.131 E/unknown:ReactNative(28763):     at RNSScreenContentWrapper (<anonymous>)
06-04 01:57:26.131 E/unknown:ReactNative(28763):     at ScreenContentWrapper (<anonymous>)
06-04 01:57:26.131 E/unknown:ReactNative(28763):     at DebugContainer (<anonymous>)
06-04 01:57:26.131 E/unknown:ReactNative(28763):     at RNSScreen (<anonymous>)
06-04 01:57:26.131 E/unknown:ReactNative(28763):     at Animated(Anonymous) (address at /data/user/0/com.ezadrive.elearn/files/.expo-internal/c2e4d3992f7b41816bc917dd0bcebd40:1:689270)
06-04 01:57:26.131 E/unknown:ReactNative(28763):     at Suspender (address at /data/user/0/com.ezadrive.elearn/files/.expo-internal/c2e4d3992f7b41816bc917dd0bcebd40:1:1057203)
06-04 01:57:26.131 E/unknown:ReactNative(28763):     at Suspense (<anonymous>)
06-04 01:57:26.131 E/unknown:ReactNative(28763):     at Freeze (address at /data/user/0/com.ezadrive.elearn/files/.expo-internal/c2e4d3992f7b41816bc917dd0bcebd40:1:1057264)
06-04 01:57:26.131 E/unknown:ReactNative(28763):     at DelayedFreeze (address at /data/user/0/com.ezadrive.elearn/files/.expo-internal/c2e4d3992f7b41816bc917dd0bcebd40:1:1056845)
06-04 01:57:26.131 E/unknown:ReactNative(28763):     at InnerScreen (address at /data/user/0/com.ezadrive.elearn/files/.expo-internal/c2e4d3992f7b41816bc917dd0bcebd40:1:1054549)
06-04 01:57:26.131 E/unknown:ReactNative(28763):     at anonymous (address at /data/user/0/com.ezadrive.elearn/files/.expo-internal/c2e4d3992f7b41816bc917dd0bcebd40:1:1056243)
06-04 01:57:26.131 E/unknown:ReactNative(28763):     at ScreenStackItem (address at /data/user/0/com.ezadrive.elearn/files/.expo-internal/c2e4d3992f7b41816bc917dd0bcebd40:1:1066462)
06-04 01:57:26.131 E/unknown:ReactNative(28763):     at SceneView (address at /data/user/0/com.ezadrive.elearn/files/.expo-internal/c2e4d3992f7b41816bc917dd0bcebd40:1:1089817)
06-04 01:57:26.131 E/unknown:ReactNative(28763):     at RNSScreenStack (<anonymous>)
06-04 01:57:26.131 E/unknown:ReactNative(28763):     at anonymous (address at /data/user/0/com.ezadrive.elearn/files/.expo-internal/c2e4d3992f7b41816bc917dd0bcebd40:1:1065538)
06-04 01:57:26.131 E/unknown:ReactNative(28763):     at ScreenStack (address at /data/user/0/com.ezadrive.elearn/files/.expo-internal/c2e4d3992f7b41816bc917dd0bcebd40:1:1064724)
06-04 01:57:26.131 E/unknown:ReactNative(28763):     at FrameSizeProvider (address at /data/user/0/com.ezadrive.elearn/files/.expo-internal/c2e4d3992f7b41816bc917dd0bcebd40:1:1028154)
06-04 01:57:26.131 E/unknown:ReactNative(28763):     at RCTView (<anonymous>)
06-04 01:57:26.131 E/unknown:ReactNative(28763):     at View (address at /data/user/0/com.ezadrive.elearn/files/.expo-internal/c2e4d3992f7b41816bc917dd0bcebd40:1:537515)
06-04 01:57:26.131 E/unknown:ReactNative(28763):     at SafeAreaProviderCompat (address at /data/user/0/com.ezadrive.elearn/files/.expo-internal/c2e4d3992f7b41816bc917dd0bcebd40:1:1039536)
06-04 01:57:26.131 E/unknown:ReactNative(28763):     at NativeStackView (address at /data/user/0/com.ezadrive.elearn/files/.expo-internal/c2e4d3992f7b41816bc917dd0bcebd40:1:1088384)
06-04 01:57:26.131 E/unknown:ReactNative(28763):     at PreventRemoveProvider (address at /data/user/0/com.ezadrive.elearn/files/.expo-internal/c2e4d3992f7b41816bc917dd0bcebd40:1:924899)
06-04 01:57:26.131 E/unknown:ReactNative(28763):     at NavigationStateListenerProvider (address at /data/user/0/com.ezadrive.elearn/files/.expo-internal/c2e4d3992f7b41816bc917dd0bcebd40:1:951984)
06-04 01:57:26.131 E/unknown:ReactNative(28763):     at NavigationContent (address at /data/user/0/com.ezadrive.elearn/files/.expo-internal/c2e4d3992f7b41816bc917dd0bcebd40:1:941609)
06-04 01:57:26.131 E/unknown:ReactNative(28763):     at anonymous (address at /data/user/0/com.ezadrive.elearn/files/.expo-internal/c2e4d3992f7b41816bc917dd0bcebd40:1:941512)
06-04 01:57:26.131 E/unknown:ReactNative(28763):     at NativeStackNavigator (address at /data/user/0/com.ezadrive.elearn/files/.expo-internal/c2e4d3992f7b41816bc917dd0bcebd40:1:1084736)
06-04 01:57:26.131 E/unknown:ReactNative(28763):     at anonymous (address at /data/user/0/com.ezadrive.elearn/files/.expo-internal/c2e4d3992f7b41816bc917dd0bcebd40:1:974275)
06-04 01:57:26.131 E/unknown:ReactNative(28763):     at anonymous (address at /data/user/0/com.ezadrive.elearn/files/.expo-internal/c2e4d3992f7b41816bc917dd0bcebd40:1:866241)
06-04 01:57:26.131 E/unknown:ReactNative(28763):     at ProgramLayout (address at /data/user/0/com.ezadrive.elearn/files/.expo-internal/c2e4d3992f7b41816bc917dd0bcebd40:1:4278127)
06-04 01:57:26.131 E/unknown:ReactNative(28763):     at Suspense (<anonymous>)
06-04 01:57:26.131 E/unknown:ReactNative(28763):     at Route (address at /data/user/0/com.ezadrive.elearn/files/.expo-internal/c2e4d3992f7b41816bc917dd0bcebd40:1:975357)
06-04 01:57:26.131 E/unknown:ReactNative(28763):     at BaseRoute (address at /data/user/0/com.ezadrive.elearn/files/.expo-internal/c2e4d3992f7b41816bc917dd0bcebd40:1:982271)
06-04 01:57:26.131 E/unknown:ReactNative(28763):     at StaticContainer (address at /data/user/0/com.ezadrive.elearn/files/.expo-internal/c2e4d3992f7b41816bc917dd0bcebd40:1:946638)
06-04 01:57:26.131 E/unknown:ReactNative(28763):     at EnsureSingleNavigator (address at /data/user/0/com.ezadrive.elearn/files/.expo-internal/c2e4d3992f7b41816bc917dd0bcebd40:1:893705)
06-04 01:57:26.131 E/unknown:ReactNative(28763):     at SceneView (address at /data/user/0/com.ezadrive.elearn/files/.expo-internal/c2e4d3992f7b41816bc917dd0bcebd40:1:944502)
06-04 01:57:26.131 E/unknown:ReactNative(28763):     at RCTView (<anonymous>)
06-04 01:57:26.131 E/unknown:ReactNative(28763):     at View (address at /data/user/0/com.ezadrive.elearn/files/.expo-internal/c2e4d3992f7b41816bc917dd0bcebd40:1:537515)
06-04 01:57:26.131 E/unknown:ReactNative(28763):     at RCTView (<anonymous>)
06-04 01:57:26.131 E/unknown:ReactNative(28763):     at View (address at /data/user/0/com.ezadrive.elearn/files/.expo-internal/c2e4d3992f7b41816bc917dd0bcebd40:1:537515)
06-04 01:57:26.131 E/unknown:ReactNative(28763):     at Animated(View) (address at /data/user/0/com.ezadrive.elearn/files/.expo-internal/c2e4d3992f7b41816bc917dd0bcebd40:1:689270)
06-04 01:57:26.131 E/unknown:ReactNative(28763):     at Background (address at /data/user/0/com.ezadrive.elearn/files/.expo-internal/c2e4d3992f7b41816bc917dd0bcebd40:1:994075)
06-04 01:57:26.131 E/unknown:ReactNative(28763):     at Screen (address at /data/user/0/com.ezadrive.elearn/files/.expo-internal/c2e4d3992f7b41816bc917dd0bcebd40:1:1040254)
06-04 01:57:26.131 E/unknown:ReactNative(28763):     at RNSScreen (<anonymous>)
06-04 01:57:26.131 E/unknown:ReactNative(28763):     at Animated(Anonymous) (address at /data/user/0/com.ezadrive.elearn/files/.expo-internal/c2e4d3992f7b41816bc917dd0bcebd40:1:689270)
06-04 01:57:26.131 E/unknown:ReactNative(28763):     at Suspender (address at /data/user/0/com.ezadrive.elearn/files/.expo-internal/c2e4d3992f7b41816bc917dd0bcebd40:1:1057203)
06-04 01:57:26.131 E/unknown:ReactNative(28763):     at Suspense (<anonymous>)
06-04 01:57:26.131 E/unknown:ReactNative(28763):     at Freeze (address at /data/user/0/com.ezadrive.elearn/files/.expo-internal/c2e4d3992f7b41816bc917dd0bcebd40:1:1057264)
06-04 01:57:26.131 E/unknown:ReactNative(28763):     at DelayedFreeze (address at /data/user/0/com.ezadrive.elearn/files/.expo-internal/c2e4d3992f7b41816bc917dd0bcebd40:1:1056845)
06-04 01:57:26.131 E/unknown:ReactNative(28763):     at InnerScreen (address at /data/user/0/com.ezadrive.elearn/files/.expo-internal/c2e4d3992f7b41816bc917dd0bcebd40:1:1054549)
06-04 01:57:26.131 E/unknown:ReactNative(28763):     at anonymous (address at /data/user/0/com.ezadrive.elearn/files/.expo-internal/c2e4d3992f7b41816bc917dd0bcebd40:1:1056243)
06-04 01:57:26.131 E/unknown:ReactNative(28763):     at MaybeScreen (address at /data/user/0/com.ezadrive.elearn/files/.expo-internal/c2e4d3992f7b41816bc917dd0bcebd40:1:1050099)
06-04 01:57:26.131 E/unknown:ReactNative(28763):     at RNSScreenContainer (<anonymous>)
06-04 01:57:26.131 E/unknown:ReactNative(28763):     at ScreenContainer (address at /data/user/0/com.ezadrive.elearn/files/.expo-internal/c2e4d3992f7b41816bc917dd0bcebd40:1:1063823)
06-04 01:57:26.131 E/unknown:ReactNative(28763):     at MaybeScreenContainer (address at /data/user/0/com.ezadrive.elearn/files/.expo-internal/c2e4d3992f7b41816bc917dd0bcebd40:1:1050262)
06-04 01:57:26.131 E/unknown:ReactNative(28763):     at FrameSizeProvider (address at /data/user/0/com.ezadrive.elearn/files/.expo-internal/c2e4d3992f7b41816bc917dd0bcebd40:1:1028154)
06-04 01:57:26.131 E/unknown:ReactNative(28763):     at RCTView (<anonymous>)
06-04 01:57:26.131 E/unknown:ReactNative(28763):     at View (address at /data/user/0/com.ezadrive.elearn/files/.expo-internal/c2e4d3992f7b41816bc917dd0bcebd40:1:537515)
06-04 01:57:26.131 E/unknown:ReactNative(28763):     at SafeAreaProviderCompat (address at /data/user/0/com.ezadrive.elearn/files/.expo-internal/c2e4d3992f7b41816bc917dd0bcebd40:1:1039536)
06-04 01:57:26.131 E/unknown:ReactNative(28763):     at BottomTabView (address at /data/user/0/com.ezadrive.elearn/files/.expo-internal/c2e4d3992f7b41816bc917dd0bcebd40:1:988528)
06-04 01:57:26.131 E/unknown:ReactNative(28763):     at PreventRemoveProvider (address at /data/user/0/com.ezadrive.elearn/files/.expo-internal/c2e4d3992f7b41816bc917dd0bcebd40:1:924899)
06-04 01:57:26.131 E/unknown:ReactNative(28763):     at NavigationStateListenerProvider (address at /data/user/0/com.ezadrive.elearn/files/.expo-internal/c2e4d3992f7b41816bc917dd0bcebd40:1:951984)
06-04 01:57:26.131 E/unknown:ReactNative(28763):     at NavigationContent (address at /data/user/0/com.ezadrive.elearn/files/.expo-internal/c2e4d3992f7b41816bc917dd0bcebd40:1:941609)
06-04 01:57:26.131 E/unknown:ReactNative(28763):     at anonymous (address at /data/user/0/com.ezadrive.elearn/files/.expo-internal/c2e4d3992f7b41816bc917dd0bcebd40:1:941512)
06-04 01:57:26.131 E/unknown:ReactNative(28763):     at BottomTabNavigator (address at /data/user/0/com.ezadrive.elearn/files/.expo-internal/c2e4d3992f7b41816bc917dd0bcebd40:1:987608)
06-04 01:57:26.131 E/unknown:ReactNative(28763):     at anonymous (address at /data/user/0/com.ezadrive.elearn/files/.expo-internal/c2e4d3992f7b41816bc917dd0bcebd40:1:974275)
06-04 01:57:26.131 E/unknown:ReactNative(28763):     at RNCSafeAreaView (<anonymous>)
06-04 01:57:26.131 E/unknown:ReactNative(28763):     at anonymous (address at /data/user/0/com.ezadrive.elearn/files/.expo-internal/c2e4d3992f7b41816bc917dd0bcebd40:1:1026704)
06-04 01:57:26.131 E/unknown:ReactNative(28763):     at AppLayout (address at /data/user/0/com.ezadrive.elearn/files/.expo-internal/c2e4d3992f7b41816bc917dd0bcebd40:1:858239)
06-04 01:57:26.131 E/unknown:ReactNative(28763):     at Suspense (<anonymous>)
06-04 01:57:26.131 E/unknown:ReactNative(28763):     at Route (address at /data/user/0/com.ezadrive.elearn/files/.expo-internal/c2e4d3992f7b41816bc917dd0bcebd40:1:975357)
06-04 01:57:26.131 E/unknown:ReactNative(28763):     at BaseRoute (address at /data/user/0/com.ezadrive.elearn/files/.expo-internal/c2e4d3992f7b41816bc917dd0bcebd40:1:982271)
06-04 01:57:26.131 E/unknown:ReactNative(28763):     at StaticContainer (address at /data/user/0/com.ezadrive.elearn/files/.expo-internal/c2e4d3992f7b41816bc917dd0bcebd40:1:946638)
06-04 01:57:26.131 E/unknown:ReactNative(28763):     at EnsureSingleNavigator (address at /data/user/0/com.ezadrive.elearn/files/.expo-internal/c2e4d3992f7b41816bc917dd0bcebd40:1:893705)
06-04 01:57:26.131 E/unknown:ReactNative(28763):     at SceneView (address at /data/user/0/com.ezadrive.elearn/files/.expo-internal/c2e4d3992f7b41816bc917dd0bcebd40:1:944502)
06-04 01:57:26.131 E/unknown:ReactNative(28763):     at RNSScreenContentWrapper (<anonymous>)
06-04 01:57:26.131 E/unknown:ReactNative(28763):     at ScreenContentWrapper (<anonymous>)
06-04 01:57:26.131 E/unknown:ReactNative(28763):     at DebugContainer (<anonymous>)
06-04 01:57:26.131 E/unknown:ReactNative(28763):     at RNSScreen (<anonymous>)
06-04 01:57:26.131 E/unknown:ReactNative(28763):     at Animated(Anonymous) (address at /data/user/0/com.ezadrive.elearn/files/.expo-internal/c2e4d3992f7b41816bc917dd0bcebd40:1:689270)
06-04 01:57:26.131 E/unknown:ReactNative(28763):     at Suspender (address at /data/user/0/com.ezadrive.elearn/files/.expo-internal/c2e4d3992f7b41816bc917dd0bcebd40:1:1057203)
06-04 01:57:26.131 E/unknown:ReactNative(28763):     at Suspense (<anonymous>)
06-04 01:57:26.131 E/unknown:ReactNative(28763):     at Freeze (address at /data/user/0/com.ezadrive.elearn/files/.expo-internal/c2e4d3992f7b41816bc917dd0bcebd40:1:1057264)
06-04 01:57:26.131 E/unknown:ReactNative(28763):     at DelayedFreeze (address at /data/user/0/com.ezadrive.elearn/files/.expo-internal/c2e4d3992f7b41816bc917dd0bcebd40:1:1056845)
06-04 01:57:26.131 E/unknown:ReactNative(28763):     at InnerScreen (address at /data/user/0/com.ezadrive.elearn/files/.expo-internal/c2e4d3992f7b41816bc917dd0bcebd40:1:1054549)
06-04 01:57:26.131 E/unknown:ReactNative(28763):     at anonymous (address at /data/user/0/com.ezadrive.elearn/files/.expo-internal/c2e4d3992f7b41816bc917dd0bcebd40:1:1056243)
06-04 01:57:26.131 E/unknown:ReactNative(28763):     at ScreenStackItem (address at /data/user/0/com.ezadrive.elearn/files/.expo-internal/c2e4d3992f7b41816bc917dd0bcebd40:1:1066462)
06-04 01:57:26.131 E/unknown:ReactNative(28763):     at SceneView (address at /data/user/0/com.ezadrive.elearn/files/.expo-internal/c2e4d3992f7b41816bc917dd0bcebd40:1:1089817)
06-04 01:57:26.131 E/unknown:ReactNative(28763):     at RNSScreenStack (<anonymous>)
06-04 01:57:26.131 E/unknown:ReactNative(28763):     at anonymous (address at /data/user/0/com.ezadrive.elearn/files/.expo-internal/c2e4d3992f7b41816bc917dd0bcebd40:1:1065538)
06-04 01:57:26.131 E/unknown:ReactNative(28763):     at ScreenStack (address at /data/user/0/com.ezadrive.elearn/files/.expo-internal/c2e4d3992f7b41816bc917dd0bcebd40:1:1064724)
06-04 01:57:26.131 E/unknown:ReactNative(28763):     at FrameSizeProviderInner (address at /data/user/0/com.ezadrive.elearn/files/.expo-internal/c2e4d3992f7b41816bc917dd0bcebd40:1:1028234)
06-04 01:57:26.131 E/unknown:ReactNative(28763):     at FrameSizeProvider (address at /data/user/0/com.ezadrive.elearn/files/.expo-internal/c2e4d3992f7b41816bc917dd0bcebd40:1:1028154)
06-04 01:57:26.131 E/unknown:ReactNative(28763):     at RCTView (<anonymous>)
06-04 01:57:26.131 E/unknown:ReactNative(28763):     at View (address at /data/user/0/com.ezadrive.elearn/files/.expo-internal/c2e4d3992f7b41816bc917dd0bcebd40:1:537515)
06-04 01:57:26.131 E/unknown:ReactNative(28763):     at SafeAreaProviderCompat (address at /data/user/0/com.ezadrive.elearn/files/.expo-internal/c2e4d3992f7b41816bc917dd0bcebd40:1:1039536)
06-04 01:57:26.131 E/unknown:ReactNative(28763):     at NativeStackView (address at /data/user/0/com.ezadrive.elearn/files/.expo-internal/c2e4d3992f7b41816bc917dd0bcebd40:1:1088384)
06-04 01:57:26.131 E/unknown:ReactNative(28763):     at PreventRemoveProvider (address at /data/user/0/com.ezadrive.elearn/files/.expo-internal/c2e4d3992f7b41816bc917dd0bcebd40:1:924899)
06-04 01:57:26.131 E/unknown:ReactNative(28763):     at NavigationStateListenerProvider (address at /data/user/0/com.ezadrive.elearn/files/.expo-internal/c2e4d3992f7b41816bc917dd0bcebd40:1:951984)
06-04 01:57:26.131 E/unknown:ReactNative(28763):     at NavigationContent (address at /data/user/0/com.ezadrive.elearn/files/.expo-internal/c2e4d3992f7b41816bc917dd0bcebd40:1:941609)
06-04 01:57:26.131 E/unknown:ReactNative(28763):     at anonymous (address at /data/user/0/com.ezadrive.elearn/files/.expo-internal/c2e4d3992f7b41816bc917dd0bcebd40:1:941512)
06-04 01:57:26.131 E/unknown:ReactNative(28763):     at NativeStackNavigator (address at /data/user/0/com.ezadrive.elearn/files/.expo-internal/c2e4d3992f7b41816bc917dd0bcebd40:1:1084736)
06-04 01:57:26.131 E/unknown:ReactNative(28763):     at anonymous (address at /data/user/0/com.ezadrive.elearn/files/.expo-internal/c2e4d3992f7b41816bc917dd0bcebd40:1:974275)
06-04 01:57:26.131 E/unknown:ReactNative(28763):     at anonymous (address at /data/user/0/com.ezadrive.elearn/files/.expo-internal/c2e4d3992f7b41816bc917dd0bcebd40:1:866241)
06-04 01:57:26.131 E/unknown:ReactNative(28763):     at ThemeProvider (address at /data/user/0/com.ezadrive.elearn/files/.expo-internal/c2e4d3992f7b41816bc917dd0bcebd40:1:895866)
06-04 01:57:26.131 E/unknown:ReactNative(28763):     at anonymous (address at /data/user/0/com.ezadrive.elearn/files/.expo-internal/c2e4d3992f7b41816bc917dd0bcebd40:1:4983492)
06-04 01:57:26.131 E/unknown:ReactNative(28763):     at ChatProvider (address at /data/user/0/com.ezadrive.elearn/files/.expo-internal/c2e4d3992f7b41816bc917dd0bcebd40:1:3558617)
06-04 01:57:26.131 E/unknown:ReactNative(28763):     at UpdatesProvider (address at /data/user/0/com.ezadrive.elearn/files/.expo-internal/c2e4d3992f7b41816bc917dd0bcebd40:1:4992182)
06-04 01:57:26.131 E/unknown:ReactNative(28763):     at TourGuideProvider (address at /data/user/0/com.ezadrive.elearn/files/.expo-internal/c2e4d3992f7b41816bc917dd0bcebd40:1:2003635)
06-04 01:57:26.131 E/unknown:ReactNative(28763):     at RNGestureHandlerRootView (<anonymous>)
06-04 01:57:26.131 E/unknown:ReactNative(28763):     at GestureHandlerRootView (address at /data/user/0/com.ezadrive.elearn/files/.expo-internal/c2e4d3992f7b41816bc917dd0bcebd40:1:5032342)
06-04 01:57:26.131 E/unknown:ReactNative(28763):     at NavigationProvider (address at /data/user/0/com.ezadrive.elearn/files/.expo-internal/c2e4d3992f7b41816bc917dd0bcebd40:1:2447510)
06-04 01:57:26.131 E/unknown:ReactNative(28763):     at UserProvider (address at /data/user/0/com.ezadrive.elearn/files/.expo-internal/c2e4d3992f7b41816bc917dd0bcebd40:1:2435413)
06-04 01:57:26.131 E/unknown:ReactNative(28763):     at AuthProvider (address at /data/user/0/com.ezadrive.elearn/files/.expo-internal/c2e4d3992f7b41816bc917dd0bcebd40:1:1235812)
06-04 01:57:26.131 E/unknown:ReactNative(28763):     at AppConfigProvider (address at /data/user/0/com.ezadrive.elearn/files/.expo-internal/c2e4d3992f7b41816bc917dd0bcebd40:1:1290578)
06-04 01:57:26.131 E/unknown:ReactNative(28763):     at NotificationProvider (address at /data/user/0/com.ezadrive.elearn/files/.expo-internal/c2e4d3992f7b41816bc917dd0bcebd40:1:4991153)
06-04 01:57:26.131 E/unknown:ReactNative(28763):     at SWRConfig (address at /data/user/0/com.ezadrive.elearn/files/.expo-internal/c2e4d3992f7b41816bc917dd0bcebd40:1:1234508)
06-04 01:57:26.131 E/unknown:ReactNative(28763):     at PostHogErrorBoundary (address at /data/user/0/com.ezadrive.elearn/files/.expo-internal/c2e4d3992f7b41816bc917dd0bcebd40:1:1707496)
06-04 01:57:26.131 E/unknown:ReactNative(28763):     at RCTView (<anonymous>)
06-04 01:57:26.131 E/unknown:ReactNative(28763):     at View (address at /data/user/0/com.ezadrive.elearn/files/.expo-internal/c2e4d3992f7b41816bc917dd0bcebd40:1:537515)
06-04 01:57:26.131 E/unknown:ReactNative(28763):     at PostHogProvider (address at /data/user/0/com.ezadrive.elearn/files/.expo-internal/c2e4d3992f7b41816bc917dd0bcebd40:1:1703128)
06-04 01:57:26.131 E/unknown:ReactNative(28763):     at Provider (address at /data/user/0/com.ezadrive.elearn/files/.expo-internal/c2e4d3992f7b41816bc917dd0bcebd40:1:4982526)
06-04 01:57:26.131 E/unknown:ReactNative(28763):     at RootErrorBoundary (address at /data/user/0/com.ezadrive.elearn/files/.expo-internal/c2e4d3992f7b41816bc917dd0bcebd40:1:4978723)
06-04 01:57:26.131 E/unknown:ReactNative(28763):     at RootLayout (address at /data/user/0/com.ezadrive.elearn/files/.expo-internal/c2e4d3992f7b41816bc917dd0bcebd40:1:4977910)
06-04 01:57:26.131 E/unknown:ReactNative(28763):     at Suspense (<anonymous>)
06-04 01:57:26.131 E/unknown:ReactNative(28763):     at Route (address at /data/user/0/com.ezadrive.elearn/files/.expo-internal/c2e4d3992f7b41816bc917dd0bcebd40:1:975357)
06-04 01:57:26.131 E/unknown:ReactNative(28763):     at BaseRoute (address at /data/user/0/com.ezadrive.elearn/files/.expo-internal/c2e4d3992f7b41816bc917dd0bcebd40:1:982271)
06-04 01:57:26.131 E/unknown:ReactNative(28763):     at StaticContainer (address at /data/user/0/com.ezadrive.elearn/files/.expo-internal/c2e4d3992f7b41816bc917dd0bcebd40:1:946638)
06-04 01:57:26.131 E/unknown:ReactNative(28763):     at EnsureSingleNavigator (address at /data/user/0/com.ezadrive.elearn/files/.expo-internal/c2e4d3992f7b41816bc917dd0bcebd40:1:893705)
